// Jest Snapshot v1, https://goo.gl/fbAQLP

exports[`Button component should match snapshot 1`] = `
<div>
  <div
    class="sc-bcXHqe hCRGab"
  >
    <span
      aria-label="Loading..."
      class="sc-gswNZR jaUCbZ"
    />
  </div>
</div>
`;

exports[`Loading component should match snapshot 1`] = `
<div>
  <div
    class="sc-bcXHqe hCRGab"
  >
    <span
      aria-label="Loading..."
      class="sc-gswNZR jaUCbZ"
    />
  </div>
</div>
`;
